2026-06-02T09:43:38Z INF Thank you for trying Cloudflare Tunnel. Doing so, without a Cloudflare account, is a quick way to experiment and try it out. However, be aware that these account-less Tunnels have no uptime guarantee, are subject to the Cloudflare Online Services Terms of Use (https://www.cloudflare.com/website-terms/), and Cloudflare reserves the right to investigate your use of Tunnels for violations of such terms. If you intend to use Tunnels in production you should use a pre-created named tunnel by following: https://developers.cloudflare.com/cloudflare-one/connections/connect-apps
2026-06-02T09:43:38Z INF Requesting new quick Tunnel on trycloudflare.com...
2026-06-02T09:43:42Z INF +--------------------------------------------------------------------------------------------+
2026-06-02T09:43:42Z INF |  Your quick Tunnel has been created! Visit it at (it may take some time to be reachable):  |
2026-06-02T09:43:42Z INF |  https://pichunter-sci-butterfly-justify.trycloudflare.com                                 |
2026-06-02T09:43:42Z INF +--------------------------------------------------------------------------------------------+
2026-06-02T09:43:42Z INF Cannot determine default configuration path. No file [config.yml config.yaml] in [~/.cloudflared ~/.cloudflare-warp ~/cloudflare-warp /etc/cloudflared /usr/local/etc/cloudflared]
2026-06-02T09:43:42Z INF Version 2026.5.2 (Checksum 5286698547f03df745adb2355f04c12dde52ef425491e81f433642d695521886)
2026-06-02T09:43:42Z INF GOOS: linux, GOVersion: go1.26.3, GoArch: amd64
2026-06-02T09:43:42Z INF Settings: map[ha-connections:1 protocol:quic url:http://localhost:8081]
2026-06-02T09:43:42Z INF cloudflared will not automatically update if installed by a package manager.
2026-06-02T09:43:42Z INF Generated Connector ID: ffcbbc6c-1a06-4be4-86a7-22a0e5a96e01
2026-06-02T09:43:42Z INF Initial protocol quic
2026-06-02T09:43:42Z INF ICMP proxy will use 172.28.0.12 as source for IPv4
2026-06-02T09:43:42Z INF ICMP proxy will use ::1 in zone lo as source for IPv6
2026-06-02T09:43:42Z INF ICMP proxy will use 172.28.0.12 as source for IPv4
2026-06-02T09:43:42Z INF ICMP proxy will use ::1 in zone lo as source for IPv6
2026-06-02T09:43:42Z INF Starting metrics server on 127.0.0.1:20241/metrics
2026-06-02T09:43:42Z INF Tunnel connection curve preferences: [X25519MLKEM768 CurveID(65074) CurveP256] connIndex=0 event=0 ip=198.41.200.73
2026/06/02 09:43:42 failed to sufficiently increase receive buffer size (was: 208 kiB, wanted: 7168 kiB, got: 416 kiB). See https://github.com/quic-go/quic-go/wiki/UDP-Buffer-Sizes for details.
2026-06-02T09:43:43Z INF Registered tunnel connection connIndex=0 connection=fe6a2fe2-186e-464d-b401-d7047f606acc event=0 ip=198.41.200.73 location=tpe01 protocol=quic
2026-06-02T09:43:48Z INF +-------------------------------------------------------------------------------------+
2026-06-02T09:43:48Z INF |                               CONNECTIVITY PRE-CHECKS                               |
2026-06-02T09:43:48Z INF +-------------------------------------------------------------------------------------+
2026-06-02T09:43:48Z INF |  COMPONENT         TARGET                     STATUS  DETAILS                       |
2026-06-02T09:43:48Z INF |  DNS Resolution    region1.v2.argotunnel.com  PASS    DNS Resolved successfully     |
2026-06-02T09:43:48Z INF |  DNS Resolution    region2.v2.argotunnel.com  PASS    DNS Resolved successfully     |
2026-06-02T09:43:48Z INF |  UDP Connectivity  region1.v2.argotunnel.com  PASS    QUIC connection successful    |
2026-06-02T09:43:48Z INF |  UDP Connectivity  region2.v2.argotunnel.com  PASS    QUIC connection successful    |
2026-06-02T09:43:48Z INF |  TCP Connectivity  region1.v2.argotunnel.com  PASS    HTTP/2 connection successful  |
2026-06-02T09:43:48Z INF |  TCP Connectivity  region2.v2.argotunnel.com  PASS    HTTP/2 connection successful  |
2026-06-02T09:43:48Z INF |  Cloudflare API    api.cloudflare.com:443     PASS    API is reachable              |
2026-06-02T09:43:48Z INF |                                                                                     |
2026-06-02T09:43:48Z INF |  SUMMARY: Environment is healthy. cloudflared will use 'quic' as primary protocol.  |
2026-06-02T09:43:48Z INF +-------------------------------------------------------------------------------------+
2026-06-02T09:43:48Z INF precheck component="DNS Resolution" details="DNS Resolved successfully" run_id=5979224d-7196-49d8-b92c-c5eed59a3cc8 status=pass target=region1.v2.argotunnel.com
2026-06-02T09:43:48Z INF precheck component="DNS Resolution" details="DNS Resolved successfully" run_id=5979224d-7196-49d8-b92c-c5eed59a3cc8 status=pass target=region2.v2.argotunnel.com
2026-06-02T09:43:48Z INF precheck component="UDP Connectivity" details="QUIC connection successful" run_id=5979224d-7196-49d8-b92c-c5eed59a3cc8 status=pass target=region1.v2.argotunnel.com
2026-06-02T09:43:48Z INF precheck component="UDP Connectivity" details="QUIC connection successful" run_id=5979224d-7196-49d8-b92c-c5eed59a3cc8 status=pass target=region2.v2.argotunnel.com
2026-06-02T09:43:48Z INF precheck component="TCP Connectivity" details="HTTP/2 connection successful" run_id=5979224d-7196-49d8-b92c-c5eed59a3cc8 status=pass target=region1.v2.argotunnel.com
2026-06-02T09:43:48Z INF precheck component="TCP Connectivity" details="HTTP/2 connection successful" run_id=5979224d-7196-49d8-b92c-c5eed59a3cc8 status=pass target=region2.v2.argotunnel.com
2026-06-02T09:43:48Z INF precheck component="Cloudflare API" details="API is reachable" run_id=5979224d-7196-49d8-b92c-c5eed59a3cc8 status=pass target=api.cloudflare.com:443
2026-06-02T09:43:48Z INF precheck complete hard_fail=false run_id=5979224d-7196-49d8-b92c-c5eed59a3cc8 suggested_protocol=quic
